Matplotlib created a temporary config/cache directory at /tmp/matplotlib-h_0ed4v_ because the default path (/home/cookiekiller100/.config/matplotlib) is not a writable directory; it is highly recommended to set the MPLCONFIGDIR environment variable to a writable directory, in particular to speed up the import of Matplotlib and to better support multiprocessing.
/home/cookiekiller100/Programme/BA/MicortsRTS-league-training/main.py:45: UserWarning: 
The version_base parameter is not specified.
Please specify a compatability version level, or None.
Will assume defaults for version 1.1
  @hydra.main(config_path="conf", config_name="config")
/home/cookiekiller100/miniforge/envs/py39/lib/python3.9/site-packages/hydra/_internal/defaults_list.py:251: UserWarning: In 'bc_coacAI_train': Defaults list is missing `_self_`. See https://hydra.cc/docs/1.2/upgrades/1.0_to_1.1/default_composition_order for more information
  warnings.warn(msg, UserWarning)
Experiment config:
{
  "ExperimentConfig": {
    "BC_finetuning": false,
    "BC_learning_rate": 1e-06,
    "BC_model_path": null,
    "BC_weight_decay": 0.0,
    "Bot_as_player_1": true,
    "PPO_learning_rate": 2.5e-05,
    "PPO_weight_decay": 0.0,
    "Unit_reward_per_exploiter": false,
    "all_passiveAi": false,
    "anneal_lr": true,
    "attack_reward_weight": 0.05,
    "bc_expert_player": 0,
    "capture_video": false,
    "checkpoint_end_buffer_steps": 0,
    "checkpoint_frequency": 10,
    "clip_coef": 0.1,
    "clip_vloss": true,
    "create_run_id_file": false,
    "cuda": true,
    "cur_main_exploiter_path": null,
    "cur_main_path": null,
    "dbg_all_player_0": false,
    "dbg_all_player_1": false,
    "dbg_deterministic_actions": false,
    "dbg_exploiter_update": false,
    "dbg_no_main_agent_ppo_update": false,
    "dbg_non_legal_action": false,
    "dbg_reset": false,
    "dbg_seed": false,
    "dbg_update_gaes": false,
    "deterministic": true,
    "dyn_attack_reward": 0.0,
    "dyn_num_bot_envs": true,
    "endgame_maps": false,
    "ent_coef": 0.005,
    "epochs": 8,
    "evaluate": false,
    "even_opponent_split": false,
    "exact_seed": true,
    "exp_name": "BC_coacAI_train",
    "exploiter_PPO_learning_rate": null,
    "exploiter_anneal_ent": false,
    "exploiter_ent_coef": 0.005,
    "exploiter_ent_coef_max": 0.0075,
    "exploiter_ent_coef_min": 0.03,
    "exploiter_reset_path_probs": {},
    "exploiter_unit_exploration_bonus": 0.0,
    "exploiter_unit_exploration_bonus_enabled": false,
    "gae_lambda": 0.95,
    "gamma": 1.0,
    "gym_id": "MicrortsBC",
    "initial_BC": true,
    "kl_coeff": 0.4,
    "kle_rollback": false,
    "kle_stop": false,
    "league_exploiter_pfsp_weighting": "variance",
    "league_exploiter_selfplay_save_interval": 10,
    "league_exploiter_winrate_threshold": 0.7,
    "league_training": false,
    "lower_selfplay_winrate_offset": null,
    "main_PFSP_prob": 0.7,
    "main_SP_prob": 0.1,
    "main_anneal_ent": false,
    "main_ent_coef_max": 0.005,
    "main_ent_coef_min": 0.005,
    "main_exploiter_main_prob_when_max_historical_winrate": 0,
    "main_exploiter_max_historical_winrate_threshold": 2,
    "main_exploiter_no_draw_winrate_threshold": 0.1,
    "main_exploiter_pfsp_weighting": "variance",
    "main_exploiter_ready_use_historicals": true,
    "main_exploiter_selfplay_save_interval": 10,
    "main_exploiter_vs_main_winrate_threshold": 0.4,
    "main_exploiter_winrate_threshold": 0.7,
    "main_exploiters_paths": [],
    "main_pfsp_weighting": null,
    "main_selfplay_save_interval": 10,
    "main_winrate_threshold": 0.7,
    "max_grad_norm": 0.5,
    "max_num_bot_envs": 0,
    "min_num_bot_envs": 2,
    "model_path": "BC_coacAI_train/initial_BC/BC_coacAI_train_epoch_2",
    "n_minibatch": 4,
    "new_hist_rewards": 0,
    "newdata": false,
    "norm_adv": true,
    "num_bot_envs": 0,
    "num_bot_envs_per_main_exploiter": 0,
    "num_envs": 0,
    "num_envs_per_league_exploiters": 1,
    "num_envs_per_main_exploiters": 1,
    "num_eval_episodes": 100,
    "num_expert_embeddings": 32,
    "num_league_exploiters": 0,
    "num_main_envs": 0,
    "num_main_exploiters": 0,
    "num_parallel_eval_games": 0,
    "num_selfplay_envs": 0,
    "num_steps": 512,
    "nurwins": false,
    "other_historicals_paths": null,
    "pfsp": false,
    "pfsp_min_prob_factor": 0.25,
    "ppo": false,
    "prod_mode": false,
    "render": false,
    "render_all": false,
    "resume": true,
    "rewardscore": 0.0,
    "save_gpu_memory": false,
    "seed": 462,
    "selfplay": false,
    "selfplay_evaluate_testing": false,
    "selfplay_save_interval": 10,
    "sp_rand": false,
    "start_epoch": 3,
    "starting_historical": true,
    "target_kl": 0.03,
    "torch_deterministic": true,
    "total_timesteps": 30000000,
    "unit_bonus": false,
    "unit_bonus_max_heavy": 1.0,
    "unit_bonus_max_light": 1.0,
    "unit_bonus_max_ranged": 1.0,
    "unit_bonus_max_worker": 1.0,
    "unit_exploiters": false,
    "update_epochs": 4,
    "upper_selfplay_winrate_offset": null,
    "use_no_draw_winrates": true,
    "value_warmup_updates": -1,
    "vf_coef": 0.01,
    "wandb_entity": null,
    "wandb_group_name": null,
    "wandb_project_name": "Ranged_focus",
    "warmup_epochs": 5,
    "zero_unit_bonus_for_main": true
  }
}
change config in conf/config.yaml
Device: cpu, because num_envs < 4
opponents: 
[<function coacAI at 0x7a54fb510d30>, <function mayari at 0x7a54fb510ca0>]
